┌─────────┬────────────────────────────────────────────────────┬───────────────────────────────────────────────┬─────────────┬────────┬──────────┬───────────┬───────────────────┬────────┬───────┐
│ (index) │ title                                              │ handle                                        │ productType │ images │ minWidth │ minHeight │ descriptionLength │ issues │ score │
├─────────┼────────────────────────────────────────────────────┼───────────────────────────────────────────────┼─────────────┼────────┼──────────┼───────────┼───────────────────┼────────┼───────┤
│ 0       │ 'North & Pearl Bead Bracelet'                      │ 'north-pearl-bead-bracelet'                   │ 'Bracelet'  │ 6      │ 900      │ 900       │ 658               │ ''     │ 100   │
│ 1       │ 'North & Pearl Bead Earrings'                      │ 'north-pearl-bead-earrings'                   │ 'Earrings'  │ 6      │ 1200     │ 1200      │ 658               │ ''     │ 100   │
│ 2       │ 'North & Pearl Bead Jewelry Set'                   │ 'north-pearl-bead-jewelry-set'                │ 'Gift Set'  │ 6      │ 1300     │ 1300      │ 664               │ ''     │ 100   │
│ 3       │ 'North & Pearl Beaded Keepsake Bracelet'           │ 'north-pearl-bead-bracelet-0492'              │ 'Bracelet'  │ 6      │ 1000     │ 1000      │ 544               │ ''     │ 100   │
│ 4       │ 'North & Pearl Beaded Layering Necklace'           │ 'north-pearl-bead-necklace'                   │ 'Necklace'  │ 6      │ 1000     │ 1000      │ 669               │ ''     │ 100   │
│ 5       │ 'North & Pearl Block Initial Necklace'             │ 'north-pearl-initial-necklace-3226'           │ 'Necklace'  │ 6      │ 800      │ 800       │ 667               │ ''     │ 100   │
│ 6       │ 'North & Pearl Bloom Charm Bracelet'               │ 'north-pearl-bloom-charm-bracelet'            │ 'Bracelet'  │ 6      │ 1500     │ 1500      │ 665               │ ''     │ 100   │
│ 7       │ 'North & Pearl Bloom Pendant Necklace'             │ 'north-pearl-flower-necklace'                 │ 'Necklace'  │ 6      │ 794      │ 788       │ 667               │ ''     │ 100   │
│ 8       │ 'North & Pearl Bridal Water Drop Set'              │ 'north-pearl-bridal-water-drop-set'           │ 'Gift Set'  │ 6      │ 800      │ 800       │ 584               │ ''     │ 100   │
│ 9       │ 'North & Pearl Charm Classic Initial Necklace'     │ 'north-pearl-initial-necklace-5273'           │ 'Necklace'  │ 6      │ 750      │ 750       │ 724               │ ''     │ 100   │
│ 10      │ 'North & Pearl Charm Classic Letter Necklace'      │ 'north-pearl-letter-necklace-6249'            │ 'Necklace'  │ 4      │ 1000     │ 1000      │ 723               │ ''     │ 100   │
│ 11      │ 'North & Pearl Charm Classic Name Necklace'        │ 'north-pearl-name-necklace-5568'              │ 'Necklace'  │ 6      │ 800      │ 799       │ 721               │ ''     │ 100   │
│ 12      │ 'North & Pearl Charm Dainty Initial Necklace'      │ 'north-pearl-initial-necklace-2094'           │ 'Necklace'  │ 4      │ 1200     │ 1200      │ 723               │ ''     │ 100   │
│ 13      │ 'North & Pearl Charm Dainty Letter Necklace'       │ 'north-pearl-letter-necklace-8427'            │ 'Necklace'  │ 6      │ 1000     │ 1000      │ 722               │ ''     │ 100   │
│ 14      │ 'North & Pearl Charm Everyday Letter Necklace'     │ 'north-pearl-letter-necklace-4393'            │ 'Necklace'  │ 6      │ 800      │ 800       │ 724               │ ''     │ 100   │
│ 15      │ 'North & Pearl Charm Everyday Name Necklace'       │ 'north-pearl-name-necklace-8045'              │ 'Necklace'  │ 6      │ 800      │ 800       │ 722               │ ''     │ 100   │
│ 16      │ 'North & Pearl Charm Everyday Sparkle Necklace'    │ 'north-pearl-sparkle-necklace-2786'           │ 'Necklace'  │ 6      │ 1000     │ 1000      │ 725               │ ''     │ 100   │
│ 17      │ 'North & Pearl Charm Giftable Name Necklace'       │ 'north-pearl-name-necklace-2765'              │ 'Necklace'  │ 5      │ 794      │ 794       │ 722               │ ''     │ 100   │
│ 18      │ 'North & Pearl Charm Keepsake Letter Necklace'     │ 'north-pearl-letter-necklace-6153'            │ 'Necklace'  │ 5      │ 800      │ 800       │ 724               │ ''     │ 100   │
│ 19      │ 'North & Pearl Charm Keepsake Name Necklace'       │ 'north-pearl-name-necklace-8628'              │ 'Necklace'  │ 5      │ 800      │ 800       │ 722               │ ''     │ 100   │
│ 20      │ 'North & Pearl Charm Polished Initial Necklace'    │ 'north-pearl-initial-necklace-6999'           │ 'Necklace'  │ 6      │ 1000     │ 1000      │ 725               │ ''     │ 100   │
│ 21      │ 'North & Pearl Charm Polished Name Necklace'       │ 'north-pearl-name-necklace-7262'              │ 'Necklace'  │ 6      │ 800      │ 800       │ 722               │ ''     │ 100   │
│ 22      │ 'North & Pearl Charm Refined Initial Necklace'     │ 'north-pearl-initial-necklace-4625'           │ 'Necklace'  │ 6      │ 960      │ 960       │ 724               │ ''     │ 100   │
│ 23      │ 'North & Pearl Charm Refined Letter Necklace'      │ 'north-pearl-letter-necklace-9014'            │ 'Necklace'  │ 6      │ 800      │ 800       │ 723               │ ''     │ 100   │
│ 24      │ 'North & Pearl Chunky Bead Bracelet'               │ 'north-pearl-chunky-bead-bracelet'            │ 'Bracelet'  │ 6      │ 1000     │ 1000      │ 665               │ ''     │ 100   │
│ 25      │ 'North & Pearl Classic Initial Charm Necklace'     │ 'north-pearl-initial-necklace-4829'           │ 'Necklace'  │ 6      │ 750      │ 750       │ 675               │ ''     │ 100   │
│ 26      │ 'North & Pearl Classic Initial Necklace'           │ 'north-pearl-initial-necklace'                │ 'Necklace'  │ 6      │ 750      │ 750       │ 669               │ ''     │ 100   │
│ 27      │ 'North & Pearl Classic Letter Necklace'            │ 'north-pearl-letter-necklace-5796'            │ 'Necklace'  │ 6      │ 1800     │ 1800      │ 668               │ ''     │ 100   │
│ 28      │ 'North & Pearl Classic Love Pendant'               │ 'north-pearl-heart-necklace-8734'             │ 'Necklace'  │ 6      │ 800      │ 800       │ 691               │ ''     │ 100   │
│ 29      │ 'North & Pearl Classic Name Necklace'              │ 'north-pearl-name-necklace'                   │ 'Necklace'  │ 6      │ 1000     │ 1000      │ 666               │ ''     │ 100   │
│ 30      │ 'North & Pearl Classic Sparkle Necklace'           │ 'north-pearl-sparkle-necklace-3170'           │ 'Necklace'  │ 5      │ 950      │ 950       │ 669               │ ''     │ 100   │
│ 31      │ 'North & Pearl Clover Bracelet'                    │ 'north-pearl-clover-bracelet'                 │ 'Bracelet'  │ 6      │ 1000     │ 1000      │ 660               │ ''     │ 100   │
│ 32      │ 'North & Pearl Clover Charm Bracelet'              │ 'north-pearl-clover-charm-bracelet'           │ 'Bracelet'  │ 5      │ 1200     │ 1200      │ 666               │ ''     │ 100   │
│ 33      │ 'North & Pearl Clover Earrings'                    │ 'north-pearl-clover-earrings'                 │ 'Earrings'  │ 6      │ 743      │ 743       │ 660               │ ''     │ 100   │
│ 34      │ 'North & Pearl Clover Link Bracelet'               │ 'north-pearl-clover-bracelet-1195'            │ 'Bracelet'  │ 6      │ 1000     │ 1000      │ 665               │ ''     │ 100   │
│ 35      │ 'North & Pearl Clover Station Bracelet'            │ 'north-pearl-clover-bracelet-4268'            │ 'Bracelet'  │ 6      │ 1080     │ 1080      │ 668               │ ''     │ 100   │
│ 36      │ 'North & Pearl Color Accent Cuff'                  │ 'north-pearl-color-accent-cuff'               │ 'Bracelet'  │ 6      │ 1000     │ 1000      │ 662               │ ''     │ 100   │
│ 37      │ 'North & Pearl Custom Name Pendant'                │ 'north-pearl-name-necklace-1832'              │ 'Necklace'  │ 6      │ 900      │ 900       │ 664               │ ''     │ 100   │
│ 38      │ 'North & Pearl Custom Script Name Necklace'        │ 'north-pearl-name-necklace-7562'              │ 'Necklace'  │ 6      │ 1000     │ 1000      │ 672               │ ''     │ 100   │
│ 39      │ 'North & Pearl Custom Script Pendant'              │ 'north-pearl-name-necklace-2338'              │ 'Necklace'  │ 6      │ 1000     │ 1000      │ 666               │ ''     │ 100   │
│ 40      │ 'North & Pearl Dainty Clover Necklace'             │ 'north-pearl-clover-necklace'                 │ 'Necklace'  │ 6      │ 1024     │ 1024      │ 667               │ ''     │ 100   │
│ 41      │ 'North & Pearl Dainty Flower Necklace'             │ 'north-pearl-dainty-flower-necklace'          │ 'Necklace'  │ 6      │ 800      │ 800       │ 667               │ ''     │ 100   │
│ 42      │ 'North & Pearl Dainty Initial Charm'               │ 'north-pearl-initial-necklace-6130'           │ 'Necklace'  │ 3      │ 800      │ 800       │ 665               │ ''     │ 100   │
│ 43      │ 'North & Pearl Dainty Initial Necklace'            │ 'north-pearl-initial-necklace-0100'           │ 'Necklace'  │ 6      │ 800      │ 800       │ 668               │ ''     │ 100   │
│ 44      │ 'North & Pearl Dainty Letter Necklace'             │ 'north-pearl-letter-necklace-0758'            │ 'Necklace'  │ 6      │ 800      │ 800       │ 667               │ ''     │ 100   │
│ 45      │ 'North & Pearl Dainty Letter Pendant'              │ 'north-pearl-letter-necklace-6404'            │ 'Necklace'  │ 5      │ 800      │ 800       │ 666               │ ''     │ 100   │
│ 46      │ 'North & Pearl Dainty Letter Tag Necklace'         │ 'north-pearl-letter-necklace-0689'            │ 'Necklace'  │ 6      │ 800      │ 800       │ 566               │ ''     │ 100   │
│ 47      │ 'North & Pearl Dainty Love Pendant'                │ 'north-pearl-heart-necklace-3910'             │ 'Necklace'  │ 6      │ 1254     │ 1254      │ 690               │ ''     │ 100   │
│ 48      │ 'North & Pearl Dainty Name Pendant Necklace'       │ 'north-pearl-name-necklace-5254'              │ 'Necklace'  │ 6      │ 800      │ 800       │ 673               │ ''     │ 100   │
│ 49      │ 'North & Pearl Dainty Sparkle Necklace'            │ 'north-pearl-sparkle-necklace-7976'           │ 'Necklace'  │ 6      │ 1000     │ 1000      │ 668               │ ''     │ 100   │
│ 50      │ 'North & Pearl Everyday Bloom Bracelet'            │ 'north-pearl-flower-bracelet-6422'            │ 'Bracelet'  │ 5      │ 750      │ 750       │ 668               │ ''     │ 100   │
│ 51      │ 'North & Pearl Everyday Classic Name Necklace'     │ 'north-pearl-name-necklace-4242'              │ 'Necklace'  │ 6      │ 794      │ 794       │ 644               │ ''     │ 100   │
│ 52      │ 'North & Pearl Everyday Letter Charm Necklace'     │ 'north-pearl-letter-necklace-2156'            │ 'Necklace'  │ 5      │ 800      │ 800       │ 560               │ ''     │ 100   │
│ 53      │ 'North & Pearl Everyday Letter Necklace'           │ 'north-pearl-letter-necklace-0021'            │ 'Necklace'  │ 6      │ 1000     │ 1000      │ 669               │ ''     │ 100   │
│ 54      │ 'North & Pearl Everyday Name Necklace'             │ 'north-pearl-name-necklace-4975'              │ 'Necklace'  │ 6      │ 800      │ 800       │ 667               │ ''     │ 100   │
│ 55      │ 'North & Pearl Everyday Oval Bracelet'             │ 'north-pearl-signature-bracelet-8272'         │ 'Bracelet'  │ 6      │ 1000     │ 1000      │ 693               │ ''     │ 100   │
│ 56      │ 'North & Pearl Everyday Oval Link Bracelet'        │ 'north-pearl-signature-bracelet'              │ 'Bracelet'  │ 6      │ 1000     │ 1000      │ 651               │ ''     │ 100   │
│ 57      │ 'North & Pearl Everyday Rounded Link Bracelet'     │ 'north-pearl-signature-bracelet-1724'         │ 'Bracelet'  │ 6      │ 770      │ 770       │ 631               │ ''     │ 100   │
│ 58      │ 'North & Pearl Everyday Script Name Necklace'      │ 'north-pearl-name-necklace-5330'              │ 'Necklace'  │ 6      │ 750      │ 750       │ 636               │ ''     │ 100   │
│ 59      │ 'North & Pearl Everyday Sparkle Necklace'          │ 'north-pearl-sparkle-necklace-1704'           │ 'Necklace'  │ 4      │ 1000     │ 1000      │ 670               │ ''     │ 100   │
│ 60      │ 'North & Pearl Fine Script Name Necklace'          │ 'north-pearl-name-necklace-6301'              │ 'Necklace'  │ 6      │ 1200     │ 1200      │ 670               │ ''     │ 100   │
│ 61      │ 'North & Pearl Floating Nameplate Necklace'        │ 'north-pearl-name-necklace-1956'              │ 'Necklace'  │ 6      │ 800      │ 800       │ 637               │ ''     │ 100   │
│ 62      │ 'North & Pearl Floating Script Name Necklace'      │ 'north-pearl-name-necklace-4075'              │ 'Necklace'  │ 6      │ 1000     │ 1000      │ 626               │ ''     │ 100   │
│ 63      │ 'North & Pearl Floral Accent Bracelet'             │ 'north-pearl-floral-accent-bracelet'          │ 'Bracelet'  │ 6      │ 1024     │ 1024      │ 667               │ ''     │ 100   │
│ 64      │ 'North & Pearl Flower Earrings'                    │ 'north-pearl-flower-earrings'                 │ 'Earrings'  │ 6      │ 800      │ 800       │ 660               │ ''     │ 100   │
│ 65      │ 'North & Pearl Flower Jewelry Set'                 │ 'north-pearl-flower-jewelry-set'              │ 'Gift Set'  │ 6      │ 1000     │ 1000      │ 666               │ ''     │ 100   │
│ 66      │ 'North & Pearl Flower Nail Bangle'                 │ 'north-pearl-flower-nail-bangle'              │ 'Bracelet'  │ 6      │ 800      │ 800       │ 663               │ ''     │ 100   │
│ 67      │ 'North & Pearl Framed Heirloom Letter Necklace'    │ 'north-pearl-letter-necklace-7676'            │ 'Necklace'  │ 6      │ 1000     │ 1000      │ 629               │ ''     │ 100   │
│ 68      │ 'North & Pearl Framed Initial Necklace'            │ 'north-pearl-initial-necklace-6868'           │ 'Necklace'  │ 6      │ 800      │ 800       │ 668               │ ''     │ 100   │
│ 69      │ 'North & Pearl Framed Initial Pendant Necklace'    │ 'north-pearl-initial-necklace-6142'           │ 'Necklace'  │ 6      │ 800      │ 800       │ 569               │ ''     │ 100   │
│ 70      │ 'North & Pearl Framed Letter Necklace'             │ 'north-pearl-letter-necklace-3046'            │ 'Necklace'  │ 6      │ 800      │ 800       │ 667               │ ''     │ 100   │
│ 71      │ 'North & Pearl Garden Bloom Bracelet'              │ 'north-pearl-garden-bloom-bracelet'           │ 'Bracelet'  │ 4      │ 1000     │ 1000      │ 666               │ ''     │ 100   │
│ 72      │ 'North & Pearl Giftable Bloom Bracelet'            │ 'north-pearl-flower-bracelet'                 │ 'Bracelet'  │ 6      │ 800      │ 800       │ 668               │ ''     │ 100   │
│ 73      │ 'North & Pearl Giftable Initial Necklace'          │ 'north-pearl-initial-necklace-6292'           │ 'Necklace'  │ 4      │ 774      │ 716       │ 670               │ ''     │ 100   │
│ 74      │ 'North & Pearl Giftable Jewelry Set'               │ 'north-pearl-signature-jewelry-set'           │ 'Gift Set'  │ 5      │ 1200     │ 1200      │ 691               │ ''     │ 100   │
│ 75      │ 'North & Pearl Giftable Letter Bracelet'           │ 'north-pearl-letter-bracelet-5859'            │ 'Bracelet'  │ 6      │ 800      │ 800       │ 669               │ ''     │ 100   │
│ 76      │ 'North & Pearl Giftable Letter Earrings'           │ 'north-pearl-letter-earrings-5006'            │ 'Earrings'  │ 4      │ 791      │ 791       │ 669               │ ''     │ 100   │
│ 77      │ 'North & Pearl Giftable Letter Necklace'           │ 'north-pearl-letter-necklace-7036'            │ 'Necklace'  │ 6      │ 800      │ 800       │ 669               │ ''     │ 100   │
│ 78      │ 'North & Pearl Giftable Name Jewelry Set'          │ 'north-pearl-name-jewelry-set-0376'           │ 'Gift Set'  │ 6      │ 800      │ 800       │ 673               │ ''     │ 100   │
│ 79      │ 'North & Pearl Giftable Name Necklace'             │ 'north-pearl-name-necklace-0020'              │ 'Necklace'  │ 5      │ 960      │ 960       │ 667               │ ''     │ 100   │
│ 80      │ 'North & Pearl Giftable Nameplate Necklace'        │ 'north-pearl-name-necklace-8379'              │ 'Necklace'  │ 6      │ 800      │ 800       │ 630               │ ''     │ 100   │
│ 81      │ 'North & Pearl Giftable Polished Earrings'         │ 'north-pearl-signature-earrings'              │ 'Earrings'  │ 5      │ 1000     │ 1000      │ 697               │ ''     │ 100   │
│ 82      │ 'North & Pearl Giftable Script Name Necklace'      │ 'north-pearl-name-necklace-6429'              │ 'Necklace'  │ 6      │ 794      │ 794       │ 628               │ ''     │ 100   │
│ 83      │ 'North & Pearl Giftable Sparkle Bracelet'          │ 'north-pearl-sparkle-bracelet-3594'           │ 'Bracelet'  │ 6      │ 800      │ 800       │ 670               │ ''     │ 100   │
│ 84      │ 'North & Pearl Giftable Statement Ring'            │ 'north-pearl-signature-ring-0279'             │ 'Ring'      │ 6      │ 800      │ 800       │ 694               │ ''     │ 100   │
│ 85      │ 'North & Pearl Heart Accent Ring'                  │ 'north-pearl-heart-ring-7637'                 │ 'Ring'      │ 4      │ 773      │ 765       │ 658               │ ''     │ 100   │
│ 86      │ 'North & Pearl Heart Bracelet'                     │ 'north-pearl-heart-bracelet'                  │ 'Bracelet'  │ 6      │ 1024     │ 1024      │ 659               │ ''     │ 100   │
│ 87      │ 'North & Pearl Heart Charm Necklace'               │ 'north-pearl-heart-charm-necklace'            │ 'Necklace'  │ 6      │ 800      │ 800       │ 665               │ ''     │ 100   │
│ 88      │ 'North & Pearl Heart Earrings'                     │ 'north-pearl-heart-earrings'                  │ 'Earrings'  │ 6      │ 800      │ 800       │ 659               │ ''     │ 100   │
│ 89      │ 'North & Pearl Heart Jewelry Set'                  │ 'north-pearl-heart-jewelry-set'               │ 'Gift Set'  │ 6      │ 1200     │ 1200      │ 665               │ ''     │ 100   │
│ 90      │ 'North & Pearl Heart Keepsake Necklace'            │ 'north-pearl-heart-keepsake-necklace'         │ 'Necklace'  │ 6      │ 1000     │ 1000      │ 668               │ ''     │ 100   │
│ 91      │ 'North & Pearl Heart Ring'                         │ 'north-pearl-heart-ring'                      │ 'Ring'      │ 6      │ 2000     │ 2000      │ 651               │ ''     │ 100   │
│ 92      │ 'North & Pearl Heirloom Script Name Necklace'      │ 'north-pearl-name-necklace-0389'              │ 'Necklace'  │ 6      │ 1000     │ 1000      │ 620               │ ''     │ 100   │
│ 93      │ 'North & Pearl Hollow Flower Bangle Set'           │ 'north-pearl-hollow-flower-bangle-set'        │ 'Bracelet'  │ 6      │ 1024     │ 1024      │ 669               │ ''     │ 100   │
│ 94      │ 'North & Pearl Initial Shell Necklace'             │ 'north-pearl-initial-shell-necklace'          │ 'Necklace'  │ 6      │ 800      │ 800       │ 555               │ ''     │ 100   │
│ 95      │ 'North & Pearl Iridescent Pendant Necklace'        │ 'north-pearl-iridescent-pendant-necklace'     │ 'Necklace'  │ 3      │ 1000     │ 1000      │ 672               │ ''     │ 100   │
│ 96      │ 'North & Pearl Keepsake Bloom Necklace'            │ 'north-pearl-flower-necklace-7949'            │ 'Necklace'  │ 6      │ 800      │ 800       │ 668               │ ''     │ 100   │
│ 97      │ 'North & Pearl Keepsake Giftable Name Necklace'    │ 'north-pearl-name-necklace-9635'              │ 'Necklace'  │ 6      │ 800      │ 800       │ 725               │ ''     │ 100   │
│ 98      │ 'North & Pearl Keepsake Heart Pendant Necklace'    │ 'north-pearl-heart-necklace-2923'             │ 'Necklace'  │ 6      │ 800      │ 800       │ 676               │ ''     │ 100   │
│ 99      │ 'North & Pearl Keepsake Letter Bracelet'           │ 'north-pearl-letter-bracelet-4295'            │ 'Bracelet'  │ 6      │ 800      │ 800       │ 669               │ ''     │ 100   │
│ 100     │ 'North & Pearl Keepsake Letter Necklace'           │ 'north-pearl-letter-necklace-1608'            │ 'Necklace'  │ 6      │ 1000     │ 1000      │ 669               │ ''     │ 100   │
│ 101     │ 'North & Pearl Keepsake Name Necklace'             │ 'north-pearl-name-necklace-4358'              │ 'Necklace'  │ 6      │ 1800     │ 1800      │ 667               │ ''     │ 100   │
│ 102     │ 'North & Pearl Keepsake Sparkle Ring'              │ 'north-pearl-sparkle-ring-6187'               │ 'Ring'      │ 6      │ 800      │ 800       │ 662               │ ''     │ 100   │
│ 103     │ 'North & Pearl Layered Initial Necklace'           │ 'north-pearl-initial-necklace-1814'           │ 'Necklace'  │ 6      │ 700      │ 700       │ 669               │ ''     │ 100   │
│ 104     │ 'North & Pearl Layered Letter Necklace'            │ 'north-pearl-letter-necklace-1755'            │ 'Necklace'  │ 6      │ 725      │ 725       │ 668               │ ''     │ 100   │
│ 105     │ 'North & Pearl Layering Bead Necklace'             │ 'north-pearl-bead-necklace-6379'              │ 'Necklace'  │ 5      │ 960      │ 960       │ 667               │ ''     │ 100   │
│ 106     │ 'North & Pearl Layering Clover Bracelet'           │ 'north-pearl-clover-bracelet-1367'            │ 'Bracelet'  │ 5      │ 800      │ 800       │ 669               │ ''     │ 100   │
│ 107     │ 'North & Pearl Layering Dainty Initial Necklace'   │ 'north-pearl-initial-necklace-8531'           │ 'Necklace'  │ 6      │ 800      │ 800       │ 726               │ ''     │ 100   │
│ 108     │ 'North & Pearl Layering Giftable Name Necklace'    │ 'north-pearl-name-necklace-8099'              │ 'Necklace'  │ 6      │ 800      │ 800       │ 725               │ ''     │ 100   │
│ 109     │ 'North & Pearl Layering Initial Necklace'          │ 'north-pearl-initial-necklace-3299'           │ 'Necklace'  │ 6      │ 800      │ 800       │ 670               │ ''     │ 100   │
│ 110     │ 'North & Pearl Layering Letter Necklace'           │ 'north-pearl-letter-necklace-5572'            │ 'Necklace'  │ 6      │ 800      │ 800       │ 669               │ ''     │ 100   │
│ 111     │ 'North & Pearl Layering Name Necklace'             │ 'north-pearl-name-necklace-1495'              │ 'Necklace'  │ 6      │ 800      │ 800       │ 667               │ ''     │ 100   │
│ 112     │ 'North & Pearl Layering Polished Initial Necklace' │ 'north-pearl-initial-necklace-8309'           │ 'Necklace'  │ 6      │ 800      │ 800       │ 728               │ ''     │ 100   │
│ 113     │ 'North & Pearl Layering Sparkle Bracelet'          │ 'north-pearl-sparkle-bracelet-2159'           │ 'Bracelet'  │ 6      │ 1000     │ 1000      │ 670               │ ''     │ 100   │
│ 114     │ 'North & Pearl Luxe Name Pendant Necklace'         │ 'north-pearl-name-necklace-0823'              │ 'Necklace'  │ 6      │ 1000     │ 1000      │ 671               │ ''     │ 100   │
│ 115     │ 'North & Pearl Minimal Initial Pendant Necklace'   │ 'north-pearl-initial-necklace-4204'           │ 'Necklace'  │ 4      │ 901      │ 901       │ 677               │ ''     │ 100   │
│ 116     │ 'North & Pearl Minimal Letter Pendant'             │ 'north-pearl-letter-necklace-4171'            │ 'Necklace'  │ 6      │ 800      │ 800       │ 667               │ ''     │ 100   │
│ 117     │ 'North & Pearl Minimal Statement Ring'             │ 'north-pearl-signature-ring'                  │ 'Ring'      │ 6      │ 1200     │ 1200      │ 693               │ ''     │ 100   │
│ 118     │ 'North & Pearl Mixed Charm Bangle'                 │ 'north-pearl-mixed-charm-bangle'              │ 'Bracelet'  │ 6      │ 800      │ 800       │ 663               │ ''     │ 100   │
│ 119     │ 'North & Pearl Modern Drop Earrings'               │ 'north-pearl-modern-drop-earrings'            │ 'Earrings'  │ 6      │ 1024     │ 1024      │ 665               │ ''     │ 100   │
│ 120     │ 'North & Pearl Modern Name Necklace'               │ 'north-pearl-name-necklace-6376'              │ 'Necklace'  │ 6      │ 800      │ 800       │ 665               │ ''     │ 100   │
│ 121     │ 'North & Pearl Modern Statement Ring'              │ 'north-pearl-modern-statement-ring'           │ 'Ring'      │ 6      │ 1000     │ 1000      │ 662               │ ''     │ 100   │
│ 122     │ 'North & Pearl Nameplate Charm Necklace'           │ 'north-pearl-name-necklace-8213'              │ 'Necklace'  │ 4      │ 800      │ 800       │ 669               │ ''     │ 100   │
│ 123     │ 'North & Pearl Open Heart Pendant Necklace'        │ 'north-pearl-heart-necklace-3361'             │ 'Necklace'  │ 6      │ 800      │ 800       │ 672               │ ''     │ 100   │
│ 124     │ 'North & Pearl Oval Link Bracelet'                 │ 'north-pearl-chain-bracelet'                  │ 'Bracelet'  │ 6      │ 950      │ 950       │ 663               │ ''     │ 100   │
│ 125     │ 'North & Pearl Pendant Classic Name Necklace'      │ 'north-pearl-name-necklace-7005'              │ 'Necklace'  │ 6      │ 800      │ 800       │ 723               │ ''     │ 100   │
│ 126     │ 'North & Pearl Pendant Dainty Initial Necklace'    │ 'north-pearl-initial-necklace-7793'           │ 'Necklace'  │ 6      │ 800      │ 800       │ 725               │ ''     │ 100   │
│ 127     │ 'North & Pearl Pendant Giftable Name Necklace'     │ 'north-pearl-name-necklace-3437'              │ 'Necklace'  │ 5      │ 1000     │ 1000      │ 724               │ ''     │ 100   │
│ 128     │ 'North & Pearl Pendant Keepsake Letter Necklace'   │ 'north-pearl-letter-necklace-9838'            │ 'Necklace'  │ 6      │ 800      │ 800       │ 726               │ ''     │ 100   │
│ 129     │ 'North & Pearl Pendant Polished Initial Necklace'  │ 'north-pearl-initial-necklace-8053'           │ 'Necklace'  │ 5      │ 800      │ 800       │ 727               │ ''     │ 100   │
│ 130     │ 'North & Pearl Personal Name Necklace'             │ 'north-pearl-name-necklace-7245'              │ 'Necklace'  │ 6      │ 800      │ 798       │ 667               │ ''     │ 100   │
│ 131     │ 'North & Pearl Personalized Nameplate Necklace'    │ 'north-pearl-personalized-nameplate-necklace' │ 'Necklace'  │ 5      │ 720      │ 720       │ 877               │ ''     │ 100   │
│ 132     │ 'North & Pearl Petite Heart Charm Necklace'        │ 'north-pearl-heart-necklace-0474'             │ 'Necklace'  │ 6      │ 900      │ 900       │ 672               │ ''     │ 100   │
│ 133     │ 'North & Pearl Petite Heart Earrings'              │ 'north-pearl-heart-earrings-5822'             │ 'Earrings'  │ 5      │ 1000     │ 1000      │ 512               │ ''     │ 100   │
│ 134     │ 'North & Pearl Petite Letter Necklace'             │ 'north-pearl-letter-necklace-1571'            │ 'Necklace'  │ 5      │ 750      │ 750       │ 667               │ ''     │ 100   │
│ 135     │ 'North & Pearl Petite Love Pendant'                │ 'north-pearl-heart-necklace-4710'             │ 'Necklace'  │ 6      │ 1000     │ 1000      │ 664               │ ''     │ 100   │
│ 136     │ 'North & Pearl Petite Sparkle Earrings'            │ 'north-pearl-sparkle-earrings'                │ 'Earrings'  │ 6      │ 1200     │ 1200      │ 668               │ ''     │ 100   │
│ 137     │ 'North & Pearl Pink Heart Bow Bracelet'            │ 'north-pearl-pink-heart-bow-bracelet'         │ 'Bracelet'  │ 6      │ 1024     │ 1024      │ 668               │ ''     │ 100   │
│ 138     │ 'North & Pearl Polished Bead Bracelet'             │ 'north-pearl-bead-bracelet-3656'              │ 'Bracelet'  │ 6      │ 1000     │ 1000      │ 667               │ ''     │ 100   │
│ 139     │ 'North & Pearl Polished Bead Earrings'             │ 'north-pearl-bead-earrings-1559'              │ 'Earrings'  │ 5      │ 960      │ 960       │ 667               │ ''     │ 100   │
│ 140     │ 'North & Pearl Polished Bloom Bracelet'            │ 'north-pearl-flower-bracelet-8870'            │ 'Bracelet'  │ 6      │ 800      │ 800       │ 668               │ ''     │ 100   │
│ 141     │ 'North & Pearl Polished Clover Bracelet'           │ 'north-pearl-clover-bracelet-7425'            │ 'Bracelet'  │ 6      │ 1104     │ 944       │ 669               │ ''     │ 100   │
│ 142     │ 'North & Pearl Polished Initial Necklace'          │ 'north-pearl-initial-necklace-1309'           │ 'Necklace'  │ 6      │ 900      │ 900       │ 670               │ ''     │ 100   │
│ 143     │ 'North & Pearl Polished Initial Pendant'           │ 'north-pearl-initial-necklace-6010'           │ 'Necklace'  │ 6      │ 2000     │ 2000      │ 669               │ ''     │ 100   │
│ 144     │ 'North & Pearl Polished Jewelry Set'               │ 'north-pearl-signature-jewelry-set-8616'      │ 'Gift Set'  │ 6      │ 800      │ 800       │ 691               │ ''     │ 100   │
│ 145     │ 'North & Pearl Polished Letter Necklace'           │ 'north-pearl-letter-necklace-9008'            │ 'Necklace'  │ 5      │ 741      │ 800       │ 669               │ ''     │ 100   │
│ 146     │ 'North & Pearl Polished Letter Pendant Necklace'   │ 'north-pearl-letter-necklace-4810'            │ 'Necklace'  │ 6      │ 1000     │ 1000      │ 677               │ ''     │ 100   │
│ 147     │ 'North & Pearl Polished Love Pendant'              │ 'north-pearl-heart-necklace-2948'             │ 'Necklace'  │ 6      │ 743      │ 743       │ 692               │ ''     │ 100   │
│ 148     │ 'North & Pearl Polished Name Necklace'             │ 'north-pearl-name-necklace-6240'              │ 'Necklace'  │ 6      │ 1024     │ 1024      │ 667               │ ''     │ 100   │
│ 149     │ 'North & Pearl Polished Name Pendant Necklace'     │ 'north-pearl-name-necklace-5921'              │ 'Necklace'  │ 5      │ 750      │ 750       │ 675               │ ''     │ 100   │
│ 150     │ 'North & Pearl Polished Oval Link Bracelet'        │ 'north-pearl-polished-link-bracelet'          │ 'Bracelet'  │ 4      │ 800      │ 800       │ 621               │ ''     │ 100   │
│ 151     │ 'North & Pearl Polished Pendant Necklace'          │ 'north-pearl-signature-necklace-8214'         │ 'Necklace'  │ 6      │ 800      │ 800       │ 696               │ ''     │ 100   │
│ 152     │ 'North & Pearl Polished Sparkle Earrings'          │ 'north-pearl-sparkle-earrings-6570'           │ 'Earrings'  │ 6      │ 1000     │ 1000      │ 670               │ ''     │ 100   │
│ 153     │ 'North & Pearl Polished Sparkle Ring'              │ 'north-pearl-sparkle-ring-4269'               │ 'Ring'      │ 6      │ 800      │ 800       │ 662               │ ''     │ 100   │
│ 154     │ 'North & Pearl Polished Statement Link Bracelet'   │ 'north-pearl-signature-bracelet-6593'         │ 'Bracelet'  │ 5      │ 5020     │ 5020      │ 631               │ ''     │ 100   │
│ 155     │ 'North & Pearl Polished Statement Ring'            │ 'north-pearl-signature-ring-7015'             │ 'Ring'      │ 6      │ 1200     │ 1196      │ 694               │ ''     │ 100   │
│ 156     │ 'North & Pearl Refined Bloom Bracelet'             │ 'north-pearl-flower-bracelet-0924'            │ 'Bracelet'  │ 6      │ 1200     │ 1200      │ 667               │ ''     │ 100   │
│ 157     │ 'North & Pearl Refined Bloom Earrings'             │ 'north-pearl-flower-earrings-5632'            │ 'Earrings'  │ 6      │ 1200     │ 1200      │ 667               │ ''     │ 100   │
│ 158     │ 'North & Pearl Refined Chain Necklace'             │ 'north-pearl-snake-chain-necklace'            │ 'Necklace'  │ 6      │ 790      │ 790       │ 667               │ ''     │ 100   │
│ 159     │ 'North & Pearl Refined Clover Jewelry Set'         │ 'north-pearl-clover-jewelry-set'              │ 'Gift Set'  │ 5      │ 1170     │ 1170      │ 674               │ ''     │ 100   │
│ 160     │ 'North & Pearl Refined Initial Necklace'           │ 'north-pearl-initial-necklace-1355'           │ 'Necklace'  │ 6      │ 750      │ 750       │ 669               │ ''     │ 100   │
│ 161     │ 'North & Pearl Refined Letter Earrings'            │ 'north-pearl-letter-earrings'                 │ 'Earrings'  │ 4      │ 794      │ 787       │ 668               │ ''     │ 100   │
│ 162     │ 'North & Pearl Refined Letter Necklace'            │ 'north-pearl-letter-necklace-3983'            │ 'Necklace'  │ 5      │ 800      │ 800       │ 668               │ ''     │ 100   │
│ 163     │ 'North & Pearl Refined Name Jewelry Set'           │ 'north-pearl-name-jewelry-set'                │ 'Gift Set'  │ 5      │ 960      │ 960       │ 672               │ ''     │ 100   │
│ 164     │ 'North & Pearl Refined Nameplate Necklace'         │ 'north-pearl-name-necklace-6441'              │ 'Necklace'  │ 6      │ 756      │ 800       │ 625               │ ''     │ 100   │
│ 165     │ 'North & Pearl Refined Oval Bracelet'              │ 'north-pearl-signature-bracelet-6682'         │ 'Bracelet'  │ 5      │ 790      │ 702       │ 692               │ ''     │ 100   │
│ 166     │ 'North & Pearl Refined Polished Earrings'          │ 'north-pearl-signature-earrings-6915'         │ 'Earrings'  │ 5      │ 1000     │ 1000      │ 696               │ ''     │ 100   │
│ 167     │ 'North & Pearl Refined Script Name Necklace'       │ 'north-pearl-name-necklace-1996'              │ 'Necklace'  │ 6      │ 929      │ 929       │ 633               │ ''     │ 100   │
│ 168     │ 'North & Pearl Refined Sparkle Earrings'           │ 'north-pearl-sparkle-earrings-8738'           │ 'Earrings'  │ 6      │ 800      │ 800       │ 669               │ ''     │ 100   │
│ 169     │ 'North & Pearl Rounded Heart Pendant Necklace'     │ 'north-pearl-heart-necklace-1404'             │ 'Necklace'  │ 6      │ 720      │ 720       │ 539               │ ''     │ 100   │
│ 170     │ 'North & Pearl Script Classic Name Necklace'       │ 'north-pearl-name-necklace-1616'              │ 'Necklace'  │ 6      │ 750      │ 750       │ 631               │ ''     │ 100   │
│ 171     │ 'North & Pearl Script Floating Name Necklace'      │ 'north-pearl-name-necklace-6152'              │ 'Necklace'  │ 6      │ 1000     │ 1000      │ 629               │ ''     │ 100   │
│ 172     │ 'North & Pearl Sculpted Heart Pendant'             │ 'north-pearl-heart-necklace'                  │ 'Necklace'  │ 6      │ 800      │ 800       │ 667               │ ''     │ 100   │
│ 173     │ 'North & Pearl Sculpted Heart Pendant Necklace'    │ 'north-pearl-heart-necklace-7284'             │ 'Necklace'  │ 6      │ 800      │ 800       │ 566               │ ''     │ 100   │
│ 174     │ 'North & Pearl Sculpted Initial Ring'              │ 'north-pearl-initial-ring'                    │ 'Ring'      │ 6      │ 1000     │ 1000      │ 662               │ ''     │ 100   │
│ 175     │ 'North & Pearl Sculpted Stud Earrings'             │ 'north-pearl-stud-earrings'                   │ 'Earrings'  │ 6      │ 1000     │ 1000      │ 693               │ ''     │ 100   │
│ 176     │ 'North & Pearl Sculpted Tennis Bracelet'           │ 'north-pearl-tennis-bracelet'                 │ 'Bracelet'  │ 6      │ 1000     │ 1000      │ 669               │ ''     │ 100   │
│ 177     │ 'North & Pearl Simple Initial Pendant Necklace'    │ 'north-pearl-initial-necklace-2758'           │ 'Necklace'  │ 6      │ 750      │ 750       │ 676               │ ''     │ 100   │
│ 178     │ 'North & Pearl Sleek Flex Bracelet'                │ 'north-pearl-sleek-flex-bracelet'             │ 'Bracelet'  │ 6      │ 800      │ 800       │ 664               │ ''     │ 100   │
│ 179     │ 'North & Pearl Slim Letter Pendant Necklace'       │ 'north-pearl-letter-necklace-2210'            │ 'Necklace'  │ 6      │ 800      │ 800       │ 673               │ ''     │ 100   │
│ 180     │ 'North & Pearl Smooth Flex Bracelet'               │ 'north-pearl-smooth-flex-bracelet'            │ 'Bracelet'  │ 6      │ 800      │ 800       │ 665               │ ''     │ 100   │
│ 181     │ 'North & Pearl Smooth Layering Bracelet'           │ 'north-pearl-snake-chain-bracelet'            │ 'Bracelet'  │ 6      │ 800      │ 800       │ 669               │ ''     │ 100   │
│ 182     │ 'North & Pearl Sparkle Accent Bracelet'            │ 'north-pearl-sparkle-accent-bracelet'         │ 'Bracelet'  │ 6      │ 800      │ 800       │ 668               │ ''     │ 100   │
│ 183     │ 'North & Pearl Sparkle Accent Necklace'            │ 'north-pearl-sparkle-necklace-5629'           │ 'Necklace'  │ 6      │ 800      │ 800       │ 668               │ ''     │ 100   │
│ 184     │ 'North & Pearl Sparkle Bracelet'                   │ 'north-pearl-sparkle-bracelet'                │ 'Bracelet'  │ 6      │ 1200     │ 1200      │ 661               │ ''     │ 100   │
│ 185     │ 'North & Pearl Sparkle Drop Necklace'              │ 'north-pearl-sparkle-necklace-2894'           │ 'Necklace'  │ 6      │ 2000     │ 2000      │ 666               │ ''     │ 100   │
│ 186     │ 'North & Pearl Sparkle Halo Bracelet'              │ 'north-pearl-sparkle-halo-bracelet'           │ 'Bracelet'  │ 6      │ 800      │ 800       │ 666               │ ''     │ 100   │
│ 187     │ 'North & Pearl Sparkle Link Bracelet'              │ 'north-pearl-sparkle-link-bracelet'           │ 'Bracelet'  │ 6      │ 800      │ 800       │ 666               │ ''     │ 100   │
│ 188     │ 'North & Pearl Sparkle Pendant Necklace'           │ 'north-pearl-sparkle-necklace-9390'           │ 'Necklace'  │ 6      │ 753      │ 753       │ 669               │ ''     │ 100   │
│ 189     │ 'North & Pearl Sparkle Pulse Bracelet'             │ 'north-pearl-sparkle-pulse-bracelet'          │ 'Bracelet'  │ 6      │ 800      │ 800       │ 667               │ ''     │ 100   │
│ 190     │ 'North & Pearl Sparkle Row Bracelet'               │ 'north-pearl-sparkle-row-bracelet'            │ 'Bracelet'  │ 6      │ 800      │ 800       │ 665               │ ''     │ 100   │
│ 191     │ 'North & Pearl Sparkle Stacking Bracelet'          │ 'north-pearl-sparkle-bracelet-6794'           │ 'Bracelet'  │ 6      │ 750      │ 750       │ 696               │ ''     │ 100   │
│ 192     │ 'North & Pearl Stackable Clover Bracelet'          │ 'north-pearl-clover-bracelet-5386'            │ 'Bracelet'  │ 6      │ 1024     │ 1024      │ 670               │ ''     │ 100   │
│ 193     │ 'North & Pearl Stackable Sparkle Bracelet'         │ 'north-pearl-sparkle-bracelet-0305'           │ 'Bracelet'  │ 6      │ 1080     │ 1080      │ 671               │ ''     │ 100   │
│ 194     │ 'North & Pearl Stacking Giftable Sparkle Bracelet' │ 'north-pearl-sparkle-bracelet-8259'           │ 'Bracelet'  │ 6      │ 800      │ 800       │ 728               │ ''     │ 100   │
│ 195     │ 'North & Pearl Stacking Layering Name Necklace'    │ 'north-pearl-name-necklace-8559'              │ 'Necklace'  │ 6      │ 912      │ 912       │ 721               │ ''     │ 100   │
│ 196     │ 'North & Pearl Stacking Oval Bracelet'             │ 'north-pearl-signature-bracelet-9323'         │ 'Bracelet'  │ 6      │ 720      │ 720       │ 693               │ ''     │ 100   │
│ 197     │ 'North & Pearl Statement Layering Name Necklace'   │ 'north-pearl-name-necklace-9804'              │ 'Necklace'  │ 6      │ 1800     │ 1800      │ 722               │ ''     │ 100   │
│ 198     │ 'North & Pearl Statement Letter Pendant Necklace'  │ 'north-pearl-letter-necklace-2555'            │ 'Necklace'  │ 5      │ 794      │ 794       │ 564               │ ''     │ 100   │
│ 199     │ 'North & Pearl Sweet Heart Keepsake Necklace'      │ 'north-pearl-heart-necklace-1947'             │ 'Necklace'  │ 6      │ 1458     │ 1458      │ 674               │ ''     │ 100   │
│ 200     │ 'North & Pearl Sweetheart Charm Pendant'           │ 'north-pearl-heart-necklace-9715'             │ 'Necklace'  │ 6      │ 1200     │ 1200      │ 695               │ ''     │ 100   │
│ 201     │ 'North & Pearl Sweetheart Drop Earrings'           │ 'north-pearl-heart-earrings-5815'             │ 'Earrings'  │ 4      │ 750      │ 750       │ 669               │ ''     │ 100   │
│ 202     │ 'North & Pearl Sweetheart Drop Pendant Necklace'   │ 'north-pearl-heart-necklace-2260'             │ 'Necklace'  │ 5      │ 800      │ 800       │ 627               │ ''     │ 100   │
│ 203     │ 'North & Pearl Sweetheart Oval Pendant Necklace'   │ 'north-pearl-sweetheart-pendant-necklace'     │ 'Necklace'  │ 6      │ 1000     │ 1000      │ 653               │ ''     │ 100   │
│ 204     │ 'North & Pearl Twine Band Ring'                    │ 'north-pearl-twine-band-ring'                 │ 'Ring'      │ 6      │ 1000     │ 1000      │ 656               │ ''     │ 100   │
│ 205     │ 'North & Pearl V Water Drop Jewelry Set'           │ 'north-pearl-v-water-drop-jewelry-set'        │ 'Gift Set'  │ 6      │ 800      │ 800       │ 672               │ ''     │ 100   │
│ 206     │ 'North & Pearl Warm Bead Stretch Bracelet'         │ 'north-pearl-warm-bead-stretch-bracelet'      │ 'Bracelet'  │ 6      │ 900      │ 900       │ 671               │ ''     │ 100   │
│ 207     │ 'North & Pearl Water Drop Jewelry Set'             │ 'north-pearl-water-drop-jewelry-set'          │ 'Gift Set'  │ 6      │ 750      │ 750       │ 670               │ ''     │ 100   │
└─────────┴────────────────────────────────────────────────────┴───────────────────────────────────────────────┴─────────────┴────────┴──────────┴───────────┴───────────────────┴────────┴───────┘

Wrote reports/product-seo-catalog-audit.csv
Wrote reports/product-seo-catalog-audit.md
